[05-Aug-2025 15:58:54 UTC] PHP Fatal error:  Uncaught Error: Undefined constant "PCB_PLUGIN_DIR" in C:\Users\Admin\Local Sites\animal-clinic\app\public\wp-content\plugins\pet-clinic-booking\pet-clinic-booking.php:21
Stack trace:
#0 C:\Users\Admin\Local Sites\animal-clinic\app\public\wp-settings.php(545): include_once()
#1 C:\Users\Admin\Local Sites\animal-clinic\app\public\wp-config.php(103): require_once('C:\\Users\\Admin\\...')
#2 C:\Users\Admin\Local Sites\animal-clinic\app\public\wp-load.php(50): require_once('C:\\Users\\Admin\\...')
#3 C:\Users\Admin\Local Sites\animal-clinic\app\public\wp-admin\admin-ajax.php(22): require_once('C:\\Users\\Admin\\...')
#4 {main}
  thrown in C:\Users\Admin\Local Sites\animal-clinic\app\public\wp-content\plugins\pet-clinic-booking\pet-clinic-booking.php on line 21
[05-Aug-2025 15:58:56 UTC] PHP Fatal error:  Uncaught Error: Undefined constant "PCB_PLUGIN_DIR" in C:\Users\Admin\Local Sites\animal-clinic\app\public\wp-content\plugins\pet-clinic-booking\pet-clinic-booking.php:21
Stack trace:
#0 C:\Users\Admin\Local Sites\animal-clinic\app\public\wp-settings.php(545): include_once()
#1 C:\Users\Admin\Local Sites\animal-clinic\app\public\wp-config.php(103): require_once('C:\\Users\\Admin\\...')
#2 C:\Users\Admin\Local Sites\animal-clinic\app\public\wp-load.php(50): require_once('C:\\Users\\Admin\\...')
#3 C:\Users\Admin\Local Sites\animal-clinic\app\public\wp-admin\admin-ajax.php(22): require_once('C:\\Users\\Admin\\...')
#4 {main}
  thrown in C:\Users\Admin\Local Sites\animal-clinic\app\public\wp-content\plugins\pet-clinic-booking\pet-clinic-booking.php on line 21
[05-Aug-2025 16:01:43 UTC] PHP Fatal error:  Uncaught Error: Undefined constant "PCB_PLUGIN_DIR" in C:\Users\Admin\Local Sites\animal-clinic\app\public\wp-content\plugins\pet-clinic-booking\includes\admin-pages.php:48
Stack trace:
#0 C:\Users\Admin\Local Sites\animal-clinic\app\public\wp-includes\class-wp-hook.php(324): PCB_Admin_Pages->appointments_list_page('')
#1 C:\Users\Admin\Local Sites\animal-clinic\app\public\wp-includes\class-wp-hook.php(348): WP_Hook->apply_filters('', Array)
#2 C:\Users\Admin\Local Sites\animal-clinic\app\public\wp-includes\plugin.php(517): WP_Hook->do_action(Array)
#3 C:\Users\Admin\Local Sites\animal-clinic\app\public\wp-admin\admin.php(260): do_action('toplevel_page_p...')
#4 {main}
  thrown in C:\Users\Admin\Local Sites\animal-clinic\app\public\wp-content\plugins\pet-clinic-booking\includes\admin-pages.php on line 48
